// Jest Snapshot v1, https://goo.gl/fbAQLP

exports[`App renders correctly 1`] = `
<div
  className="App"
>
  <div>
    <div
      className="navbar-custom nav"
      onKeyDown={[Function]}
    >
      <div
        className="nav-item"
      >
        <a
          className="nav-link"
          data-rr-ui-event-key={null}
          disabled={false}
          href="/"
          onClick={[Function]}
        >
          Fandos
        </a>
      </div>
    </div>
  </div>
  <div>
    <div
      style={
        Object {
          "margin": "auto",
          "paddingTop": "50px",
          "width": "50%",
        }
      }
    >
      <div
        className="carousel slide carousel-light"
        onKeyDown={[Function]}
        onMouseOut={[Function]}
        onMouseOver={[Function]}
        onTouchEnd={[Function]}
        onTouchMove={[Function]}
        onTouchStart={[Function]}
      >
        <div
          className="carousel-indicators"
        >
          <button
            aria-current={true}
            aria-label="Slide 1"
            className="active"
            data-bs-target=""
            onClick={[Function]}
            type="button"
          />
          <button
            aria-current={false}
            aria-label="Slide 2"
            data-bs-target=""
            onClick={[Function]}
            type="button"
          />
          <button
            aria-current={false}
            aria-label="Slide 3"
            data-bs-target=""
            onClick={[Function]}
            type="button"
          />
        </div>
        <div
          className="carousel-inner"
        >
          <div
            className="active carousel-item"
          >
            <img
              alt="First slide"
              className="d-block w-100"
              height="450px"
              src="/images/full-chicken.jpg"
            />
          </div>
          <div
            className="carousel-item"
          >
            <img
              alt="Second slide"
              className="d-block w-100"
              height="450px"
              src="/images/half-chicken.jpg"
            />
          </div>
          <div
            className="carousel-item"
          >
            <img
              alt="Third slide"
              className="d-block w-100"
              height="450px"
              src="/images/quarter-chicken.jpg"
            />
          </div>
        </div>
        <a
          className="carousel-control-prev"
          href="#"
          onClick={[Function]}
          onKeyDown={[Function]}
          role="button"
          tabIndex={0}
        >
          <span
            aria-hidden="true"
            className="carousel-control-prev-icon"
          />
          <span
            className="visually-hidden"
          >
            Previous
          </span>
        </a>
        <a
          className="carousel-control-next"
          href="#"
          onClick={[Function]}
          onKeyDown={[Function]}
          role="button"
          tabIndex={0}
        >
          <span
            aria-hidden="true"
            className="carousel-control-next-icon"
          />
          <span
            className="visually-hidden"
          >
            Next
          </span>
        </a>
      </div>
    </div>
    <div
      className="py-5"
      style={
        Object {
          "margin": "auto",
          "width": "50%",
        }
      }
    >
      <h2>
        Want some chicken? 
      </h2>
      <a
        className="btn btn-danger"
        disabled={false}
        href="/login"
        onClick={[Function]}
        onKeyDown={[Function]}
        role="button"
        tabIndex={0}
      >
        Login
      </a>
    </div>
  </div>
</div>
`;

exports[`renders correctly 1`] = `
<div
  className="App"
>
  <div>
    <div
      className="navbar-custom nav"
      onKeyDown={[Function]}
    >
      <div
        className="nav-item"
      >
        <a
          className="nav-link"
          data-rr-ui-event-key={null}
          disabled={false}
          href="/"
          onClick={[Function]}
        >
          Fandos
        </a>
      </div>
    </div>
  </div>
  <div>
    <div
      style={
        Object {
          "margin": "auto",
          "paddingTop": "50px",
          "width": "50%",
        }
      }
    >
      <div
        className="carousel slide carousel-light"
        onKeyDown={[Function]}
        onMouseOut={[Function]}
        onMouseOver={[Function]}
        onTouchEnd={[Function]}
        onTouchMove={[Function]}
        onTouchStart={[Function]}
      >
        <div
          className="carousel-indicators"
        >
          <button
            aria-current={true}
            aria-label="Slide 1"
            className="active"
            data-bs-target=""
            onClick={[Function]}
            type="button"
          />
          <button
            aria-current={false}
            aria-label="Slide 2"
            data-bs-target=""
            onClick={[Function]}
            type="button"
          />
          <button
            aria-current={false}
            aria-label="Slide 3"
            data-bs-target=""
            onClick={[Function]}
            type="button"
          />
        </div>
        <div
          className="carousel-inner"
        >
          <div
            className="active carousel-item"
          >
            <img
              alt="First slide"
              className="d-block w-100"
              height="450px"
              src="/images/full-chicken.jpg"
            />
          </div>
          <div
            className="carousel-item"
          >
            <img
              alt="Second slide"
              className="d-block w-100"
              height="450px"
              src="/images/half-chicken.jpg"
            />
          </div>
          <div
            className="carousel-item"
          >
            <img
              alt="Third slide"
              className="d-block w-100"
              height="450px"
              src="/images/quarter-chicken.jpg"
            />
          </div>
        </div>
        <a
          className="carousel-control-prev"
          href="#"
          onClick={[Function]}
          onKeyDown={[Function]}
          role="button"
          tabIndex={0}
        >
          <span
            aria-hidden="true"
            className="carousel-control-prev-icon"
          />
          <span
            className="visually-hidden"
          >
            Previous
          </span>
        </a>
        <a
          className="carousel-control-next"
          href="#"
          onClick={[Function]}
          onKeyDown={[Function]}
          role="button"
          tabIndex={0}
        >
          <span
            aria-hidden="true"
            className="carousel-control-next-icon"
          />
          <span
            className="visually-hidden"
          >
            Next
          </span>
        </a>
      </div>
    </div>
    <div
      className="py-5"
      style={
        Object {
          "margin": "auto",
          "width": "50%",
        }
      }
    >
      <h2>
        Want some chicken? 
      </h2>
      <a
        className="btn btn-danger"
        disabled={false}
        href="/login"
        onClick={[Function]}
        onKeyDown={[Function]}
        role="button"
        tabIndex={0}
      >
        Login
      </a>
    </div>
  </div>
</div>
`;
